// Jest Snapshot v1, https://goo.gl/fbAQLP

exports[`matches snapshot 1`] = `
<DocumentFragment>
  <div>
    <div>
      <ul>
        <div>
          <form>
            <label
              for="task"
            >
              New Task
            </label>
            <input
              id="task"
              name="task"
              placeholder="task"
              type="text"
              value=""
            />
            <button>
              Add Task!
            </button>
          </form>
        </div>
      </ul>
    </div>
    ;
  </div>
</DocumentFragment>
`;
